// Jest Snapshot v1, https://goo.gl/fbAQLP

exports[`Calculator component snapshots test 1`] = `
<div
  className="calcContent"
>
  <h2>
    Let\`s do some math!
  </h2>
  <div
    className="container"
  >
    <div
      className="result"
    >
      <p>
         
        0
      </p>
      <p>
         
      </p>
      <p>
         
      </p>
    </div>
    <button
      className="btn-standart"
      onClick={[Function]}
    >
      AC
    </button>
    <button
      className="btn-standart"
      onClick={[Function]}
    >
      +/-
    </button>
    <button
      className="btn-standart"
      onClick={[Function]}
    >
      %
    </button>
    <button
      className="btn-highlight"
      onClick={[Function]}
    >
      รท
    </button>
    <button
      className="btn-standart"
      onClick={[Function]}
    >
      7
    </button>
    <button
      className="btn-standart"
      onClick={[Function]}
    >
      8
    </button>
    <button
      className="btn-standart"
      onClick={[Function]}
    >
      9
    </button>
    <button
      className="btn-highlight"
      onClick={[Function]}
    >
      x
    </button>
    <button
      className="btn-standart"
      onClick={[Function]}
    >
      4
    </button>
    <button
      className="btn-standart"
      onClick={[Function]}
    >
      5
    </button>
    <button
      className="btn-standart"
      onClick={[Function]}
    >
      6
    </button>
    <button
      className="btn-highlight"
      onClick={[Function]}
    >
      -
    </button>
    <button
      className="btn-standart"
      onClick={[Function]}
    >
      1
    </button>
    <button
      className="btn-standart"
      onClick={[Function]}
    >
      2
    </button>
    <button
      className="btn-standart"
      onClick={[Function]}
    >
      3
    </button>
    <button
      className="btn-highlight"
      onClick={[Function]}
    >
      +
    </button>
    <button
      className="zero"
      onClick={[Function]}
    >
      0
    </button>
    <button
      className="btn-standart"
      onClick={[Function]}
    >
      .
    </button>
    <button
      className="btn-highlight"
      onClick={[Function]}
    >
      =
    </button>
  </div>
</div>
`;
